AnyhowException(An error occurred in a thread: 'An index writer was killed.. A worker thread encountered an error (io::Error most likely) or panicked.')AnyhowException(An error occurred in a thread: 'An index writer was killed.. A worker thread encountered an error (io::Error most likely) or panicked.')AnyhowException(An error occurred in a thread: 'An index writer was killed.. A worker thread encountered an error (io::Error most likely) or panicked.')AnyhowException(An error occurred in a thread: 'An index writer was killed.. A worker thread encountered an error (io::Error most likely) or panicked.')AnyhowException(An error occurred in a thread: 'An index writer was killed.. A worker thread encountered an error (io::Error most likely) or panicked.')AnyhowException(An error occurred in a thread: 'An index writer was killed.. A worker thread encountered an error (io::Error most likely) or panicked.')AnyhowException(An error occurred in a thread: 'An index writer was killed.. A worker thread encountered an error (io::Error most likely) or panicked.')AnyhowException(An error occurred in a thread: 'An index writer was killed.. A worker thread encountered an error (io::Error most likely) or panicked.')AnyhowException(An error occurred in a thread: 'An index writer was killed.. A worker thread encountered an error (io::Error most likely) or panicked.')AnyhowException(An error occurred in a thread: 'An index writer was killed.. A worker thread encountered an error (io::Error most likely) or panicked.')AnyhowException(An error occurred in a thread: 'An index writer was killed.. A worker thread encountered an error (io::Error most likely) or panicked.')AnyhowException(An error occurred in a thread: 'An index writer was killed.. A worker thread encountered an error (io::Error most likely) or panicked.')AnyhowException(An error occurred in a thread: 'An index writer was killed.. A worker thread encountered an error (io::Error most likely) or panicked.')AnyhowException(An error occurred in a thread: 'An index writer was killed.. A worker thread encountered an error (io::Error most likely) or panicked.')AnyhowException(An error occurred in a thread: 'An index writer was killed.. A worker thread encountered an error (io::Error most likely) or panicked.')AnyhowException(An error occurred in a thread: 'An index writer was killed.. A worker thread encountered an error (io::Error most likely) or panicked.')AnyhowException(An error occurred in a thread: 'An index writer was killed.. A worker thread encountered an error (io::Error most likely) or panicked.')AnyhowException(An error occurred in a thread: 'An index writer was killed.. A worker thread encountered an error (io::Error most likely) or panicked.')AnyhowException(An error occurred in a thread: 'An index writer was killed.. A worker thread encountered an error (io::Error most likely) or panicked.')AnyhowException(An error occurred in a thread: 'An index writer was killed.. A worker thread encountered an error (io::Error most likely) or panicked.')AnyhowException(An error occurred in a thread: 'An index writer was killed.. A worker thread encountered an error (io::Error most likely) or panicked.')AnyhowException(An error occurred in a thread: 'An index writer was killed.. A worker thread encountered an error (io::Error most likely) or panicked.')PanicException(Failed to create index: SchemaError("An index exists but the schema does not match."))Instance of 'FlutterErrorDetails'Instance of 'FlutterErrorDetails'Instance of 'FlutterErrorDetails'Instance of 'FlutterErrorDetails'Instance of 'FlutterErrorDetails'Instance of 'FlutterErrorDetails'Instance of 'FlutterErrorDetails'Instance of 'FlutterErrorDetails'Instance of 'FlutterErrorDetails'Instance of 'FlutterErrorDetails'Instance of 'FlutterErrorDetails'Instance of 'FlutterErrorDetails'Instance of 'FlutterErrorDetails'Instance of 'FlutterErrorDetails'Instance of 'FlutterErrorDetails'Instance of 'FlutterErrorDetails'Instance of 'FlutterErrorDetails'Instance of 'FlutterErrorDetails'Instance of 'FlutterErrorDetails'Instance of 'FlutterErrorDetails'Instance of 'FlutterErrorDetails'Instance of 'FlutterErrorDetails'Instance of 'FlutterErrorDetails'Instance of 'FlutterErrorDetails'Instance of 'FlutterErrorDetails'Instance of 'FlutterErrorDetails'Instance of 'FlutterErrorDetails'Instance of 'FlutterErrorDetails'Instance of 'FlutterErrorDetails'Instance of 'FlutterErrorDetails'Instance of 'FlutterErrorDetails'Instance of 'FlutterErrorDetails'Instance of 'FlutterErrorDetails'Instance of 'FlutterErrorDetails'Instance of 'FlutterErrorDetails'Instance of 'FlutterErrorDetails'Instance of 'FlutterErrorDetails'Instance of 'FlutterErrorDetails'Instance of 'FlutterErrorDetails'Instance of 'FlutterErrorDetails'Instance of 'FlutterErrorDetails'Instance of 'FlutterErrorDetails'Instance of 'FlutterErrorDetails'Instance of 'FlutterErrorDetails'Instance of 'FlutterErrorDetails'Instance of 'FlutterErrorDetails'Instance of 'FlutterErrorDetails'Instance of 'FlutterErrorDetails'Instance of 'FlutterErrorDetails'Instance of 'FlutterErrorDetails'Instance of 'FlutterErrorDetails'Instance of 'FlutterErrorDetails'Instance of 'FlutterErrorDetails'Instance of 'FlutterErrorDetails'Instance of 'FlutterErrorDetails'Instance of 'FlutterErrorDetails'Instance of 'FlutterErrorDetails'Instance of 'FlutterErrorDetails'Instance of 'FlutterErrorDetails'Instance of 'FlutterErrorDetails'Instance of 'FlutterErrorDetails'Instance of 'FlutterErrorDetails'Instance of 'FlutterErrorDetails'Instance of 'FlutterErrorDetails'Instance of 'FlutterErrorDetails'Instance of 'FlutterErrorDetails'Instance of 'FlutterErrorDetails'Instance of 'FlutterErrorDetails'Instance of 'FlutterErrorDetails'Instance of 'FlutterErrorDetails'Instance of 'FlutterErrorDetails'Instance of 'FlutterErrorDetails'Instance of 'FlutterErrorDetails'Instance of 'FlutterErrorDetails'Instance of 'FlutterErrorDetails'Instance of 'FlutterErrorDetails'Instance of 'FlutterErrorDetails'Instance of 'FlutterErrorDetails'Instance of 'FlutterErrorDetails'Instance of 'FlutterErrorDetails'Instance of 'FlutterErrorDetails'Instance of 'FlutterErrorDetails'Instance of 'FlutterErrorDetails'Instance of 'FlutterErrorDetails'Instance of 'FlutterErrorDetails'Instance of 'FlutterErrorDetails'Instance of 'FlutterErrorDetails'Instance of 'FlutterErrorDetails'Instance of 'FlutterErrorDetails'Instance of 'FlutterErrorDetails'Instance of 'FlutterErrorDetails'Instance of 'FlutterErrorDetails'Instance of 'FlutterErrorDetails'Instance of 'FlutterErrorDetails'Instance of 'FlutterErrorDetails'Instance of 'FlutterErrorDetails'Instance of 'FlutterErrorDetails'Instance of 'FlutterErrorDetails'Instance of 'FlutterErrorDetails'Instance of 'FlutterErrorDetails'Instance of 'FlutterErrorDetails'Instance of 'FlutterErrorDetails'Instance of 'FlutterErrorDetails'Bad state: RenderBox was not laid out: RenderIndexedSemantics#2d284Instance of 'FlutterErrorDetails'Instance of 'FlutterErrorDetails'Instance of 'FlutterErrorDetails'Instance of 'FlutterErrorDetails'Instance of 'FlutterErrorDetails'Instance of 'FlutterErrorDetails'Instance of 'FlutterErrorDetails'Instance of 'FlutterErrorDetails'Instance of 'FlutterErrorDetails'Instance of 'FlutterErrorDetails'Instance of 'FlutterErrorDetails'Instance of 'FlutterErrorDetails'Instance of 'FlutterErrorDetails'Instance of 'FlutterErrorDetails'Instance of 'FlutterErrorDetails'Instance of 'FlutterErrorDetails'Instance of 'FlutterErrorDetails'Instance of 'FlutterErrorDetails'Instance of 'FlutterErrorDetails'Instance of 'FlutterErrorDetails'Instance of 'FlutterErrorDetails'Instance of 'FlutterErrorDetails'Instance of 'FlutterErrorDetails'Instance of 'FlutterErrorDetails'Instance of 'FlutterErrorDetails'Instance of 'FlutterErrorDetails'Instance of 'FlutterErrorDetails'Instance of 'FlutterErrorDetails'Instance of 'FlutterErrorDetails'Instance of 'FlutterErrorDetails'Instance of 'FlutterErrorDetails'Instance of 'FlutterErrorDetails'Instance of 'FlutterErrorDetails'Instance of 'FlutterErrorDetails'Instance of 'FlutterErrorDetails'Instance of 'FlutterErrorDetails'Instance of 'FlutterErrorDetails'Instance of 'FlutterErrorDetails'Instance of 'FlutterErrorDetails'Instance of 'FlutterErrorDetails'Instance of 'FlutterErrorDetails'Instance of 'FlutterErrorDetails'Instance of 'FlutterErrorDetails'Instance of 'FlutterErrorDetails'Instance of 'FlutterErrorDetails'Instance of 'FlutterErrorDetails'Instance of 'FlutterErrorDetails'Instance of 'FlutterErrorDetails'Bad state: RenderBox was not laid out: RenderIndexedSemantics#2d284Instance of 'FlutterErrorDetails'Instance of 'FlutterErrorDetails'Instance of 'FlutterErrorDetails'Instance of 'FlutterErrorDetails'Instance of 'FlutterErrorDetails'Instance of 'FlutterErrorDetails'Instance of 'FlutterErrorDetails'Instance of 'FlutterErrorDetails'Instance of 'FlutterErrorDetails'Instance of 'FlutterErrorDetails'Instance of 'FlutterErrorDetails'Instance of 'FlutterErrorDetails'Instance of 'FlutterErrorDetails'Instance of 'FlutterErrorDetails'Instance of 'FlutterErrorDetails'Instance of 'FlutterErrorDetails'Instance of 'FlutterErrorDetails'Instance of 'FlutterErrorDetails'Instance of 'FlutterErrorDetails'Instance of 'FlutterErrorDetails'Instance of 'FlutterErrorDetails'Instance of 'FlutterErrorDetails'Instance of 'FlutterErrorDetails'Instance of 'FlutterErrorDetails'Instance of 'FlutterErrorDetails'Instance of 'FlutterErrorDetails'Instance of 'FlutterErrorDetails'Instance of 'FlutterErrorDetails'Instance of 'FlutterErrorDetails'Instance of 'FlutterErrorDetails'Instance of 'FlutterErrorDetails'Instance of 'FlutterErrorDetails'Instance of 'FlutterErrorDetails'Instance of 'FlutterErrorDetails'Instance of 'FlutterErrorDetails'Instance of 'FlutterErrorDetails'Instance of 'FlutterErrorDetails'Instance of 'FlutterErrorDetails'Instance of 'FlutterErrorDetails'Instance of 'FlutterErrorDetails'Instance of 'FlutterErrorDetails'Instance of 'FlutterErrorDetails'Instance of 'FlutterErrorDetails'Instance of 'FlutterErrorDetails'Instance of 'FlutterErrorDetails'Instance of 'FlutterErrorDetails'Instance of 'FlutterErrorDetails'Instance of 'FlutterErrorDetails'Bad state: RenderBox was not laid out: RenderIndexedSemantics#2d284Instance of 'FlutterErrorDetails'Instance of 'FlutterErrorDetails'Instance of 'FlutterErrorDetails'Instance of 'FlutterErrorDetails'Instance of 'FlutterErrorDetails'Instance of 'FlutterErrorDetails'Instance of 'FlutterErrorDetails'Instance of 'FlutterErrorDetails'Instance of 'FlutterErrorDetails'Instance of 'FlutterErrorDetails'Instance of 'FlutterErrorDetails'Instance of 'FlutterErrorDetails'Instance of 'FlutterErrorDetails'Instance of 'FlutterErrorDetails'Instance of 'FlutterErrorDetails'Instance of 'FlutterErrorDetails'Instance of 'FlutterErrorDetails'Instance of 'FlutterErrorDetails'Instance of 'FlutterErrorDetails'Instance of 'FlutterErrorDetails'Instance of 'FlutterErrorDetails'Instance of 'FlutterErrorDetails'Instance of 'FlutterErrorDetails'Instance of 'FlutterErrorDetails'Instance of 'FlutterErrorDetails'Instance of 'FlutterErrorDetails'Instance of 'FlutterErrorDetails'Instance of 'FlutterErrorDetails'Instance of 'FlutterErrorDetails'Instance of 'FlutterErrorDetails'Instance of 'FlutterErrorDetails'Instance of 'FlutterErrorDetails'Instance of 'FlutterErrorDetails'Instance of 'FlutterErrorDetails'Instance of 'FlutterErrorDetails'Instance of 'FlutterErrorDetails'Instance of 'FlutterErrorDetails'Instance of 'FlutterErrorDetails'Instance of 'FlutterErrorDetails'Instance of 'FlutterErrorDetails'Instance of 'FlutterErrorDetails'Instance of 'FlutterErrorDetails'Instance of 'FlutterErrorDetails'Instance of 'FlutterErrorDetails'Instance of 'FlutterErrorDetails'Instance of 'FlutterErrorDetails'Instance of 'FlutterErrorDetails'Instance of 'FlutterErrorDetails'Bad state: RenderBox was not laid out: RenderIndexedSemantics#2d284Instance of 'FlutterErrorDetails'Instance of 'FlutterErrorDetails'Instance of 'FlutterErrorDetails'Instance of 'FlutterErrorDetails'Instance of 'FlutterErrorDetails'Instance of 'FlutterErrorDetails'Instance of 'FlutterErrorDetails'Instance of 'FlutterErrorDetails'Instance of 'FlutterErrorDetails'Instance of 'FlutterErrorDetails'Instance of 'FlutterErrorDetails'Instance of 'FlutterErrorDetails'Instance of 'FlutterErrorDetails'Instance of 'FlutterErrorDetails'Instance of 'FlutterErrorDetails'Instance of 'FlutterErrorDetails'Instance of 'FlutterErrorDetails'Instance of 'FlutterErrorDetails'Instance of 'FlutterErrorDetails'Instance of 'FlutterErrorDetails'Instance of 'FlutterErrorDetails'Instance of 'FlutterErrorDetails'Instance of 'FlutterErrorDetails'Instance of 'FlutterErrorDetails'Instance of 'FlutterErrorDetails'Instance of 'FlutterErrorDetails'Instance of 'FlutterErrorDetails'Instance of 'FlutterErrorDetails'Instance of 'FlutterErrorDetails'Instance of 'FlutterErrorDetails'Instance of 'FlutterErrorDetails'Instance of 'FlutterErrorDetails'Instance of 'FlutterErrorDetails'Instance of 'FlutterErrorDetails'Instance of 'FlutterErrorDetails'Instance of 'FlutterErrorDetails'Instance of 'FlutterErrorDetails'Instance of 'FlutterErrorDetails'Instance of 'FlutterErrorDetails'Instance of 'FlutterErrorDetails'Instance of 'FlutterErrorDetails'Instance of 'FlutterErrorDetails'Instance of 'FlutterErrorDetails'Instance of 'FlutterErrorDetails'Instance of 'FlutterErrorDetails'Instance of 'FlutterErrorDetails'Instance of 'FlutterErrorDetails'Instance of 'FlutterErrorDetails'Bad state: RenderBox was not laid out: RenderIndexedSemantics#2d284Instance of 'FlutterErrorDetails'Instance of 'FlutterErrorDetails'Instance of 'FlutterErrorDetails'Instance of 'FlutterErrorDetails'Instance of 'FlutterErrorDetails'Instance of 'FlutterErrorDetails'Instance of 'FlutterErrorDetails'Instance of 'FlutterErrorDetails'Instance of 'FlutterErrorDetails'Instance of 'FlutterErrorDetails'Instance of 'FlutterErrorDetails'Instance of 'FlutterErrorDetails'Instance of 'FlutterErrorDetails'Instance of 'FlutterErrorDetails'Instance of 'FlutterErrorDetails'Instance of 'FlutterErrorDetails'Instance of 'FlutterErrorDetails'Instance of 'FlutterErrorDetails'Instance of 'FlutterErrorDetails'Instance of 'FlutterErrorDetails'Instance of 'FlutterErrorDetails'Instance of 'FlutterErrorDetails'Instance of 'FlutterErrorDetails'Instance of 'FlutterErrorDetails'Instance of 'FlutterErrorDetails'Instance of 'FlutterErrorDetails'Instance of 'FlutterErrorDetails'Instance of 'FlutterErrorDetails'Instance of 'FlutterErrorDetails'Instance of 'FlutterErrorDetails'Instance of 'FlutterErrorDetails'Instance of 'FlutterErrorDetails'Instance of 'FlutterErrorDetails'Instance of 'FlutterErrorDetails'Instance of 'FlutterErrorDetails'Instance of 'FlutterErrorDetails'Instance of 'FlutterErrorDetails'Instance of 'FlutterErrorDetails'Instance of 'FlutterErrorDetails'Instance of 'FlutterErrorDetails'Instance of 'FlutterErrorDetails'Instance of 'FlutterErrorDetails'Instance of 'FlutterErrorDetails'Instance of 'FlutterErrorDetails'Instance of 'FlutterErrorDetails'Instance of 'FlutterErrorDetails'Instance of 'FlutterErrorDetails'Instance of 'FlutterErrorDetails'Bad state: RenderBox was not laid out: RenderIndexedSemantics#2d284Instance of 'FlutterErrorDetails'Instance of 'FlutterErrorDetails'Instance of 'FlutterErrorDetails'Instance of 'FlutterErrorDetails'Instance of 'FlutterErrorDetails'Instance of 'FlutterErrorDetails'Instance of 'FlutterErrorDetails'Instance of 'FlutterErrorDetails'Instance of 'FlutterErrorDetails'Instance of 'FlutterErrorDetails'Instance of 'FlutterErrorDetails'Instance of 'FlutterErrorDetails'Instance of 'FlutterErrorDetails'Instance of 'FlutterErrorDetails'Instance of 'FlutterErrorDetails'Instance of 'FlutterErrorDetails'Instance of 'FlutterErrorDetails'Instance of 'FlutterErrorDetails'Instance of 'FlutterErrorDetails'Instance of 'FlutterErrorDetails'Instance of 'FlutterErrorDetails'Instance of 'FlutterErrorDetails'Instance of 'FlutterErrorDetails'Instance of 'FlutterErrorDetails'Instance of 'FlutterErrorDetails'Instance of 'FlutterErrorDetails'Instance of 'FlutterErrorDetails'Instance of 'FlutterErrorDetails'Instance of 'FlutterErrorDetails'Instance of 'FlutterErrorDetails'Instance of 'FlutterErrorDetails'Instance of 'FlutterErrorDetails'Instance of 'FlutterErrorDetails'Instance of 'FlutterErrorDetails'Instance of 'FlutterErrorDetails'Instance of 'FlutterErrorDetails'Instance of 'FlutterErrorDetails'Instance of 'FlutterErrorDetails'Instance of 'FlutterErrorDetails'Instance of 'FlutterErrorDetails'Instance of 'FlutterErrorDetails'Instance of 'FlutterErrorDetails'Instance of 'FlutterErrorDetails'Instance of 'FlutterErrorDetails'Instance of 'FlutterErrorDetails'Instance of 'FlutterErrorDetails'Instance of 'FlutterErrorDetails'Instance of 'FlutterErrorDetails'Bad state: RenderBox was not laid out: RenderIndexedSemantics#2d284Instance of 'FlutterErrorDetails'Instance of 'FlutterErrorDetails'Instance of 'FlutterErrorDetails'Instance of 'FlutterErrorDetails'Instance of 'FlutterErrorDetails'Instance of 'FlutterErrorDetails'Instance of 'FlutterErrorDetails'Instance of 'FlutterErrorDetails'Instance of 'FlutterErrorDetails'Instance of 'FlutterErrorDetails'Instance of 'FlutterErrorDetails'Instance of 'FlutterErrorDetails'Instance of 'FlutterErrorDetails'Instance of 'FlutterErrorDetails'Instance of 'FlutterErrorDetails'Instance of 'FlutterErrorDetails'Instance of 'FlutterErrorDetails'Instance of 'FlutterErrorDetails'Instance of 'FlutterErrorDetails'Instance of 'FlutterErrorDetails'Instance of 'FlutterErrorDetails'Instance of 'FlutterErrorDetails'Instance of 'FlutterErrorDetails'Instance of 'FlutterErrorDetails'Instance of 'FlutterErrorDetails'Instance of 'FlutterErrorDetails'Instance of 'FlutterErrorDetails'Instance of 'FlutterErrorDetails'Instance of 'FlutterErrorDetails'Instance of 'FlutterErrorDetails'Instance of 'FlutterErrorDetails'Instance of 'FlutterErrorDetails'Instance of 'FlutterErrorDetails'Instance of 'FlutterErrorDetails'Instance of 'FlutterErrorDetails'Instance of 'FlutterErrorDetails'Instance of 'FlutterErrorDetails'Instance of 'FlutterErrorDetails'Instance of 'FlutterErrorDetails'Instance of 'FlutterErrorDetails'Instance of 'FlutterErrorDetails'Instance of 'FlutterErrorDetails'Instance of 'FlutterErrorDetails'Instance of 'FlutterErrorDetails'Instance of 'FlutterErrorDetails'Instance of 'FlutterErrorDetails'Instance of 'FlutterErrorDetails'Instance of 'FlutterErrorDetails'Bad state: RenderBox was not laid out: RenderIndexedSemantics#2d284Instance of 'FlutterErrorDetails'Instance of 'FlutterErrorDetails'Instance of 'FlutterErrorDetails'Instance of 'FlutterErrorDetails'Instance of 'FlutterErrorDetails'Instance of 'FlutterErrorDetails'Instance of 'FlutterErrorDetails'Instance of 'FlutterErrorDetails'Instance of 'FlutterErrorDetails'Instance of 'FlutterErrorDetails'Instance of 'FlutterErrorDetails'Instance of 'FlutterErrorDetails'Instance of 'FlutterErrorDetails'Instance of 'FlutterErrorDetails'Instance of 'FlutterErrorDetails'Instance of 'FlutterErrorDetails'Instance of 'FlutterErrorDetails'Instance of 'FlutterErrorDetails'Instance of 'FlutterErrorDetails'Instance of 'FlutterErrorDetails'Instance of 'FlutterErrorDetails'Instance of 'FlutterErrorDetails'Instance of 'FlutterErrorDetails'Instance of 'FlutterErrorDetails'Instance of 'FlutterErrorDetails'Instance of 'FlutterErrorDetails'Instance of 'FlutterErrorDetails'Instance of 'FlutterErrorDetails'Instance of 'FlutterErrorDetails'Instance of 'FlutterErrorDetails'Instance of 'FlutterErrorDetails'Instance of 'FlutterErrorDetails'Instance of 'FlutterErrorDetails'Instance of 'FlutterErrorDetails'Instance of 'FlutterErrorDetails'Instance of 'FlutterErrorDetails'Instance of 'FlutterErrorDetails'Instance of 'FlutterErrorDetails'Instance of 'FlutterErrorDetails'Instance of 'FlutterErrorDetails'Instance of 'FlutterErrorDetails'Instance of 'FlutterErrorDetails'Instance of 'FlutterErrorDetails'Instance of 'FlutterErrorDetails'Instance of 'FlutterErrorDetails'Instance of 'FlutterErrorDetails'Instance of 'FlutterErrorDetails'Instance of 'FlutterErrorDetails'Bad state: RenderBox was not laid out: RenderIndexedSemantics#2d284Instance of 'FlutterErrorDetails'Instance of 'FlutterErrorDetails'Instance of 'FlutterErrorDetails'Instance of 'FlutterErrorDetails'Instance of 'FlutterErrorDetails'